
> zimbabwe-news-online@0.1.0 build
> next build

   Γû▓ Next.js 15.5.12
   - Environments: .env.local

   Creating an optimized production build ...
 Γ£ô Compiled successfully in 11.5s
   Linting and checking validity of types ...
   Collecting page data ...
   Generating static pages (0/35) ...
   Generating static pages (8/35) 
node.exe :  Γ¿» useSearchParams() should be wrapped in a 
suspense boundary at page "/admin/login". Read more: https://
nextjs.org/docs/messages/missing-suspense-with-csr-bailout
At C:\nvm4w\nodejs\npm.ps1:29 char:3
+   & $NODE_EXE $NPM_CLI_JS $args
+   ~~~~~~~~~~~~~~~~~~~~~~~~~~~~~
    + CategoryInfo          : NotSpecified: ( Γ¿» useSearchP 
   ...ith-csr-bailout:String) [], RemoteException
    + FullyQualifiedErrorId : NativeCommandError
 
    at g (C:\dev\zimbabwenewsonlne\.next\server\chunks\1118.j
s:1:112344)
    at m (C:\dev\zimbabwenewsonlne\.next\server\chunks\1118.j
s:9:14044)
    at j (C:\dev\zimbabwenewsonlne\.next\server\app\admin\log
in\page.js:4:1831)
    at n3 (C:\dev\zimbabwenewsonlne\node_modules\next\dist\co
mpiled\next-server\app-page.runtime.prod.js:2:82831)
    at n6 (C:\dev\zimbabwenewsonlne\node_modules\next\dist\co
mpiled\next-server\app-page.runtime.prod.js:2:84601)
    at n6 (C:\dev\zimbabwenewsonlne\node_modules\next\dist\co
mpiled\next-server\app-page.runtime.prod.js:2:101560)
    at n5 (C:\dev\zimbabwenewsonlne\node_modules\next\dist\co
mpiled\next-server\app-page.runtime.prod.js:2:104801)
    at n7 (C:\dev\zimbabwenewsonlne\node_modules\next\dist\co
mpiled\next-server\app-page.runtime.prod.js:2:102219)
    at ia (C:\dev\zimbabwenewsonlne\node_modules\next\dist\co
mpiled\next-server\app-page.runtime.prod.js:2:108211)
    at ie (C:\dev\zimbabwenewsonlne\node_modules\next\dist\co
mpiled\next-server\app-page.runtime.prod.js:2:106833)
Error occurred prerendering page "/admin/login". Read more: 
https://nextjs.org/docs/messages/prerender-error
Export encountered an error on /admin/login/page: 
/admin/login, exiting the build.
 Γ¿» Next.js build worker exited with code: 1 and signal: 
null
